go : # text-wow/internal/test/runner
所在位置 C:\Users\reaso\AppData\Local\Temp\ps-script-75415c75-b5ee-43bb-8b0c-db548778c31b.ps1:86 字符: 29
+ ... wow\server; go run cmd/run_tests/main.go internal/test/cases/skill/sk ...
+                 ~~~~~~~~~~~~~~~~~~~~~~~~~~~~~~~~~~~~~~~~~~~~~~~~~~~~~~~~~
    + CategoryInfo          : NotSpecified: (# text-wow/internal/test/runner:String) [], RemoteException
    + FullyQualifiedErrorId : NativeCommandError
 
internal\test\runner\test_runner.go:1473:11: declared and not used: monster
